../Core/Src/main.c:106:6:control_motor	24	static
../Core/Src/main.c:117:6:read_sensor_AGV	16	static
../Core/Src/main.c:130:6:follow_line_robot_AGV	8	static
../Core/Src/main.c:289:6:pid_controller	32	static
../Core/Src/main.c:309:6:warning_led	16	static
../Core/Src/main.c:320:6:return_robot	8	static
../Core/Src/main.c:360:5:main	8	static
../Core/Src/main.c:468:6:SystemClock_Config	120	static
../Core/Src/main.c:514:13:MX_TIM3_Init	64	static
../Core/Src/main.c:577:13:MX_USART3_UART_Init	8	static
../Core/Src/main.c:625:13:MX_GPIO_Init	56	static
../Core/Src/main.c:744:6:Error_Handler	4	static,ignoring_inline_asm
